// Jest Snapshot v1, https://goo.gl/fbAQLP

exports[`FilmCard run correctly 1`] = `
<article
  className="small-movie-card catalog__movies-card"
  onMouseEnter={[Function]}
  onMouseLeave={[MockFunction]}
>
  <video
    className="small-movie-card__video"
    muted={true}
  />
  <h3
    className="small-movie-card__title"
  >
    <a
      className="small-movie-card__link"
      href="movie-page.html"
    />
  </h3>
</article>
`;
